<?xml version="1.0" encoding="UTF-8" ?>
<testsuites name="vitest tests" tests="5" failures="5" errors="0" time="0.052811167">
    <testsuite name="test/calendar-registration.test.ts" timestamp="2025-09-19T03:10:29.505Z" hostname="Davids-Mac-mini.local" tests="5" failures="5" errors="0" skipped="0" time="0.052811167">
        <testcase classname="test/calendar-registration.test.ts" name="Simple Calendar Registration Flow &gt; should register hook listener for external calendar registration" time="0.051383">
            <failure message="expected &quot;spy&quot; to be called with arguments: [ …(2) ][90m

Number of calls: [1m0[22m
[39m" type="AssertionError">
AssertionError: expected &quot;spy&quot; to be called with arguments: [ …(2) ]

Number of calls: 0

 ❯ test/calendar-registration.test.ts:62:29
            </failure>
        </testcase>
        <testcase classname="test/calendar-registration.test.ts" name="Simple Calendar Registration Flow &gt; should handle Simple Calendar data and register calendars" time="0.000525334">
            <failure message="Cannot find module &apos;../src/main&apos;
Require stack:
- /Users/rayners/Code/personal/foundryvtt-simple-calendar-compat/test/calendar-registration.test.ts" type="Error">
Error: Cannot find module &apos;../src/main&apos;
Require stack:
- /Users/rayners/Code/personal/foundryvtt-simple-calendar-compat/test/calendar-registration.test.ts
 ❯ test/calendar-registration.test.ts:70:5

⎯⎯⎯⎯⎯⎯⎯⎯⎯⎯⎯⎯⎯⎯⎯⎯⎯⎯⎯⎯⎯⎯⎯⎯⎯⎯⎯⎯⎯⎯
Serialized Error: { code: &apos;MODULE_NOT_FOUND&apos;, requireStack: [ &apos;/Users/rayners/Code/personal/foundryvtt-simple-calendar-compat/test/calendar-registration.test.ts&apos; ] }
            </failure>
        </testcase>
        <testcase classname="test/calendar-registration.test.ts" name="Simple Calendar Registration Flow &gt; should handle missing Simple Calendar data gracefully" time="0.000175291">
            <failure message="Cannot find module &apos;../src/main&apos;
Require stack:
- /Users/rayners/Code/personal/foundryvtt-simple-calendar-compat/test/calendar-registration.test.ts" type="Error">
Error: Cannot find module &apos;../src/main&apos;
Require stack:
- /Users/rayners/Code/personal/foundryvtt-simple-calendar-compat/test/calendar-registration.test.ts
 ❯ test/calendar-registration.test.ts:147:5

⎯⎯⎯⎯⎯⎯⎯⎯⎯⎯⎯⎯⎯⎯⎯⎯⎯⎯⎯⎯⎯⎯⎯⎯⎯⎯⎯⎯⎯⎯
Serialized Error: { code: &apos;MODULE_NOT_FOUND&apos;, requireStack: [ &apos;/Users/rayners/Code/personal/foundryvtt-simple-calendar-compat/test/calendar-registration.test.ts&apos; ] }
            </failure>
        </testcase>
        <testcase classname="test/calendar-registration.test.ts" name="Simple Calendar Registration Flow &gt; should handle malformed Simple Calendar data gracefully" time="0.000149208">
            <failure message="Cannot find module &apos;../src/main&apos;
Require stack:
- /Users/rayners/Code/personal/foundryvtt-simple-calendar-compat/test/calendar-registration.test.ts" type="Error">
Error: Cannot find module &apos;../src/main&apos;
Require stack:
- /Users/rayners/Code/personal/foundryvtt-simple-calendar-compat/test/calendar-registration.test.ts
 ❯ test/calendar-registration.test.ts:166:5

⎯⎯⎯⎯⎯⎯⎯⎯⎯⎯⎯⎯⎯⎯⎯⎯⎯⎯⎯⎯⎯⎯⎯⎯⎯⎯⎯⎯⎯⎯
Serialized Error: { code: &apos;MODULE_NOT_FOUND&apos;, requireStack: [ &apos;/Users/rayners/Code/personal/foundryvtt-simple-calendar-compat/test/calendar-registration.test.ts&apos; ] }
            </failure>
        </testcase>
        <testcase classname="test/calendar-registration.test.ts" name="Simple Calendar Registration Flow &gt; should convert Simple Calendar format to S&amp;S format correctly" time="0.000170458">
            <failure message="Cannot find module &apos;../src/main&apos;
Require stack:
- /Users/rayners/Code/personal/foundryvtt-simple-calendar-compat/test/calendar-registration.test.ts" type="Error">
Error: Cannot find module &apos;../src/main&apos;
Require stack:
- /Users/rayners/Code/personal/foundryvtt-simple-calendar-compat/test/calendar-registration.test.ts
 ❯ test/calendar-registration.test.ts:190:5

⎯⎯⎯⎯⎯⎯⎯⎯⎯⎯⎯⎯⎯⎯⎯⎯⎯⎯⎯⎯⎯⎯⎯⎯⎯⎯⎯⎯⎯⎯
Serialized Error: { code: &apos;MODULE_NOT_FOUND&apos;, requireStack: [ &apos;/Users/rayners/Code/personal/foundryvtt-simple-calendar-compat/test/calendar-registration.test.ts&apos; ] }
            </failure>
        </testcase>
    </testsuite>
</testsuites>
